// Jest Snapshot v1, https://goo.gl/fbAQLP

exports[`should render 404 Error Page 1`] = `
<div
  className="not-found"
>
  <h1
    className="not-found-title"
  >
    Page not found, please return to the home page.
  </h1>
  <Link
    className="not-found-link"
    replace={false}
    to="/"
  >
    Go home
  </Link>
</div>
`;
